// Jest Snapshot v1, https://goo.gl/fbAQLP

exports[`render component structure and styles 1`] = `
.c0 {
  font-size: 14px;
  margin: 2px;
  text-align: justify;
}

<div>
  <p
    class="c0"
  />
</div>
`;
